2026-03-22 02:49:43,445 [INFO] === EIA Nuclear Outages Connector starting ===
2026-03-22 02:49:43,445 [INFO] Full extraction mode
2026-03-22 02:49:43,445 [INFO] Fetching records 0 – 4999…
2026-03-22 02:50:14,213 [WARNING] Request failed (attempt 1): HTTPSConnectionPool(host='api.eia.gov', port=443): Read timed out. (read timeout=30). Retrying in 1s…
2026-03-22 02:50:46,519 [WARNING] Request failed (attempt 2): HTTPSConnectionPool(host='api.eia.gov', port=443): Read timed out. (read timeout=30). Retrying in 2s…
2026-03-22 02:51:19,874 [ERROR] Request failed after 3 attempts: HTTPSConnectionPool(host='api.eia.gov', port=443): Read timed out. (read timeout=30)
2026-03-22 02:51:19,889 [ERROR] Stopping pagination due to unrecoverable error.
2026-03-22 02:51:19,889 [INFO] Extracted 0 valid records total.
2026-03-22 02:51:19,897 [INFO] No data to save.
2026-03-22 14:24:35,298 [INFO] === EIA Nuclear Outages Connector starting ===
2026-03-22 14:24:35,309 [INFO] Full extraction mode
2026-03-22 14:24:35,309 [INFO] Fetching records 0 – 499…
2026-03-22 14:24:38,040 [WARNING] Request failed (attempt 1): 400 Client Error: Bad Request for url: https://api.eia.gov/v2/nuclear-outages/us-nuclear-outages/data/?api_key=MdbzTcO2tdp38qtjTNacYLVnMecDcisBXVKtsH9t&frequency=daily&data%5B0%5D=capacity&data%5B1%5D=outages&data%5B2%5D=percentOutage&sort%5B0%5D%5Bcolumn%5D=period&sort%5B0%5D%5Bdirection%5D=desc&offset=0&length=500. Retrying in 5s…
2026-03-22 14:24:45,108 [WARNING] Request failed (attempt 2): 400 Client Error: Bad Request for url: https://api.eia.gov/v2/nuclear-outages/us-nuclear-outages/data/?api_key=MdbzTcO2tdp38qtjTNacYLVnMecDcisBXVKtsH9t&frequency=daily&data%5B0%5D=capacity&data%5B1%5D=outages&data%5B2%5D=percentOutage&sort%5B0%5D%5Bcolumn%5D=period&sort%5B0%5D%5Bdirection%5D=desc&offset=0&length=500. Retrying in 10s…
2026-03-22 14:24:59,425 [WARNING] Request failed (attempt 3): 400 Client Error: Bad Request for url: https://api.eia.gov/v2/nuclear-outages/us-nuclear-outages/data/?api_key=MdbzTcO2tdp38qtjTNacYLVnMecDcisBXVKtsH9t&frequency=daily&data%5B0%5D=capacity&data%5B1%5D=outages&data%5B2%5D=percentOutage&sort%5B0%5D%5Bcolumn%5D=period&sort%5B0%5D%5Bdirection%5D=desc&offset=0&length=500. Retrying in 15s…
2026-03-22 14:25:17,391 [ERROR] Request failed after 4 attempts: 400 Client Error: Bad Request for url: https://api.eia.gov/v2/nuclear-outages/us-nuclear-outages/data/?api_key=MdbzTcO2tdp38qtjTNacYLVnMecDcisBXVKtsH9t&frequency=daily&data%5B0%5D=capacity&data%5B1%5D=outages&data%5B2%5D=percentOutage&sort%5B0%5D%5Bcolumn%5D=period&sort%5B0%5D%5Bdirection%5D=desc&offset=0&length=500
2026-03-22 14:25:17,391 [ERROR] Stopping pagination due to unrecoverable error.
2026-03-22 14:25:17,391 [INFO] Extracted 0 valid records total.
2026-03-22 14:25:17,464 [INFO] No data to save.
2026-03-22 14:28:40,490 [INFO] === EIA Nuclear Outages Connector starting ===
2026-03-22 14:29:26,369 [INFO] === EIA Nuclear Outages Connector starting ===
2026-03-22 14:32:19,713 [INFO] === EIA Nuclear Outages Connector starting ===
2026-03-22 14:32:19,715 [INFO] Full extraction mode
2026-03-22 14:32:19,716 [INFO] Fetching records 0 – 499…
2026-03-22 14:32:20,656 [WARNING] Request failed (attempt 1): 400 Client Error: Bad Request for url: https://api.eia.gov/v2/nuclear-outages/us-nuclear-outages/data/?api_key=MdbzTcO2tdp38qtjTNacYLVnMecDcisBXVKtsH9t&frequency=daily&data%5B0%5D=capacity&data%5B1%5D=outages&data%5B2%5D=percentOutage&sort%5B0%5D%5Bcolumn%5D=period&sort%5B0%5D%5Bdirection%5D=desc&offset=0&length=500. Retrying in 5s…
2026-03-22 14:32:26,416 [WARNING] Request failed (attempt 2): 400 Client Error: Bad Request for url: https://api.eia.gov/v2/nuclear-outages/us-nuclear-outages/data/?api_key=MdbzTcO2tdp38qtjTNacYLVnMecDcisBXVKtsH9t&frequency=daily&data%5B0%5D=capacity&data%5B1%5D=outages&data%5B2%5D=percentOutage&sort%5B0%5D%5Bcolumn%5D=period&sort%5B0%5D%5Bdirection%5D=desc&offset=0&length=500. Retrying in 10s…
2026-03-22 14:32:38,471 [WARNING] Request failed (attempt 3): 400 Client Error: Bad Request for url: https://api.eia.gov/v2/nuclear-outages/us-nuclear-outages/data/?api_key=MdbzTcO2tdp38qtjTNacYLVnMecDcisBXVKtsH9t&frequency=daily&data%5B0%5D=capacity&data%5B1%5D=outages&data%5B2%5D=percentOutage&sort%5B0%5D%5Bcolumn%5D=period&sort%5B0%5D%5Bdirection%5D=desc&offset=0&length=500. Retrying in 15s…
2026-03-22 14:32:55,185 [ERROR] Request failed after 4 attempts: 400 Client Error: Bad Request for url: https://api.eia.gov/v2/nuclear-outages/us-nuclear-outages/data/?api_key=MdbzTcO2tdp38qtjTNacYLVnMecDcisBXVKtsH9t&frequency=daily&data%5B0%5D=capacity&data%5B1%5D=outages&data%5B2%5D=percentOutage&sort%5B0%5D%5Bcolumn%5D=period&sort%5B0%5D%5Bdirection%5D=desc&offset=0&length=500
2026-03-22 14:32:55,185 [ERROR] Stopping pagination due to unrecoverable error.
2026-03-22 14:32:55,192 [INFO] Extracted 0 valid records total.
2026-03-22 14:32:55,200 [INFO] No data to save.
2026-03-22 14:56:15,250 [INFO] === EIA Nuclear Outages Connector starting ===
2026-03-22 14:56:15,258 [INFO] Full extraction mode
2026-03-22 14:56:15,258 [INFO] Fetching records 0 - 4999...
2026-03-22 14:56:17,339 [INFO] Total records available: 7019
2026-03-22 14:56:17,339 [WARNING] Skipped 5000 invalid records.
2026-03-22 14:56:17,339 [INFO]   -> 0 records collected so far.
2026-03-22 14:56:17,339 [INFO] Fetching records 5000 - 9999...
2026-03-22 14:56:18,788 [WARNING] Skipped 2019 invalid records.
2026-03-22 14:56:18,788 [INFO]   -> 0 records collected so far.
2026-03-22 14:56:18,788 [INFO] Extracted 0 valid records total.
2026-03-22 14:56:18,803 [INFO] No data to save.
2026-03-22 15:23:22,179 [INFO] === EIA Nuclear Outages Connector starting ===
2026-03-22 15:23:22,179 [INFO] Full extraction mode
2026-03-22 15:23:22,179 [INFO] Fetching records 0 - 4999...
2026-03-22 15:23:24,209 [INFO] Total records available: 7019
2026-03-22 15:23:24,209 [WARNING] Skipped 5000 invalid records.
2026-03-22 15:23:24,209 [INFO]   -> 0 records collected so far.
2026-03-22 15:23:24,209 [INFO] Fetching records 5000 - 9999...
2026-03-22 15:23:25,556 [WARNING] Skipped 2019 invalid records.
2026-03-22 15:23:25,556 [INFO]   -> 0 records collected so far.
2026-03-22 15:23:25,556 [INFO] Extracted 0 valid records total.
2026-03-22 15:23:25,589 [INFO] No data to save.
2026-03-22 15:25:00,503 [INFO] === EIA Nuclear Outages Connector starting ===
2026-03-22 15:25:00,505 [INFO] Full extraction mode
2026-03-22 15:25:00,507 [INFO] Fetching records 0 - 4999...
2026-03-22 15:25:02,396 [INFO] Total records available: 7019
2026-03-22 15:25:02,399 [WARNING] Skipped 5000 invalid records.
2026-03-22 15:25:02,400 [INFO]   -> 0 records collected so far.
2026-03-22 15:25:02,400 [INFO] Fetching records 5000 - 9999...
2026-03-22 15:25:03,833 [WARNING] Skipped 2019 invalid records.
2026-03-22 15:25:03,834 [INFO]   -> 0 records collected so far.
2026-03-22 15:25:03,835 [INFO] Extracted 0 valid records total.
2026-03-22 15:25:03,853 [INFO] No data to save.
2026-03-22 15:35:30,537 [INFO] === EIA Nuclear Outages Connector starting ===
2026-03-22 15:35:30,547 [INFO] Full extraction mode
2026-03-22 15:35:30,547 [INFO] Fetching records 0 - 4999...
2026-03-22 15:35:33,346 [INFO] Total records available: 7019
2026-03-22 15:35:33,350 [INFO]   -> 5000 records collected so far.
2026-03-22 15:35:33,350 [INFO] Fetching records 5000 - 9999...
2026-03-22 15:35:34,743 [INFO]   -> 7019 records collected so far.
2026-03-22 15:35:34,744 [INFO] Extracted 7019 valid records total.
2026-03-22 15:35:37,471 [INFO] Saved 7019 rows to data\nuclear_outages.parquet.
2026-03-22 15:35:37,473 [INFO] Checkpoint updated to 2026-03-22.
2026-03-22 15:35:37,474 [INFO] === Extraction complete ===
